../Core/Src/main.c:101:9:debounce	16	static
../Core/Src/main.c:121:6:HienThiCacDonVi	16	static
../Core/Src/main.c:276:6:SendWarning	16	static
../Core/Src/main.c:293:5:CanhBao	16	static
../Core/Src/main.c:310:6:BuzzerSound	8	static
../Core/Src/main.c:335:5:main	160	static
../Core/Src/main.c:431:6:SystemClock_Config	88	static
../Core/Src/main.c:478:13:MX_ADC1_Init	24	static
../Core/Src/main.c:543:13:MX_I2C1_Init	8	static
../Core/Src/main.c:577:13:MX_USART1_UART_Init	8	static
../Core/Src/main.c:608:13:MX_DMA_Init	16	static
../Core/Src/main.c:626:13:MX_GPIO_Init	40	static
../Core/Src/main.c:671:6:DisplayLCD	16	static
../Core/Src/main.c:690:6:Warning	16	static
../Core/Src/main.c:719:6:TogglePin	16	static
../Core/Src/main.c:761:6:ReadADC	16	static
../Core/Src/main.c:782:6:Receive	16	static
../Core/Src/main.c:801:6:HAL_TIM_PeriodElapsedCallback	16	static
../Core/Src/main.c:818:6:Error_Handler	4	static,ignoring_inline_asm
